// Jest Snapshot v1, https://goo.gl/fbAQLP

exports[`Button test Renders footer correctly 1`] = `
<Fragment>
  <styled.div
    onClick={[MockFunction]}
  >
    <button>
      <div>
        <FacebookIcon />
        Facebook
      </div>
    </button>
  </styled.div>
</Fragment>
`;
